// Jest Snapshot v1, https://goo.gl/fbAQLP

exports[`HomePage component should render correctly 1`] = `
<img
  alt="Why task management?"
  src="test-file-stub"
  width="100%"
/>
`;
