// Jest Snapshot v1, https://goo.gl/fbAQLP

exports[`NavBar component should render correctly 1`] = `
<nav
  className="navbar navbar-expand-lg navbar-dark bg-primary"
>
  <a
    className="navbar-brand"
    href="#"
  >
    Navbar
  </a>
  <button
    className="navbar-toggler"
    data-target="#navbarContent"
    data-toggle="collapse"
    type="button"
  >
    <span
      className="navbar-toggler-icon"
    />
  </button>
  <div
    className="collapse navbar-collapse"
    id="navbarContent"
  >
    <ul
      className="navbar-nav mr-auto"
    >
      <NavItem
        label="Task"
        path="/task"
      />
      <NavItem
        label="Report"
        path="/report"
      />
    </ul>
  </div>
</nav>
`;
