// Jest Snapshot v1, https://goo.gl/fbAQLP

exports[`TaskPage component should render correctly 1`] = `
<div
  className="container-fluid"
>
  <div
    className="row"
  >
    <div
      className="col-12 col-md-3"
    >
      <Connect(TaskForm) />
    </div>
    <div
      className="col-12 col-md-9"
    >
      <Connect(TaskList) />
    </div>
  </div>
</div>
`;
